2026-05-11 23:33:24,369 - INFO - Iniciando extração da série: GNPCA (Real Gross National Product)
2026-05-11 23:33:24,950 - ERROR - ❌ Erle ao extrair GNPCA: 1 validation error for FredData
ordered_by
  Field required [type=missing, input_value={'realtime_start': '2026-... 'value': '23894.615'}]}, input_type=dict]
    For further information visit https://errors.pydantic.dev/2.13/v/missing
2026-05-11 23:33:24,950 - INFO - Iniciando extração da série: CPIAUCSL (Consumer Price Index for All Urban Consumers)
2026-05-11 23:33:25,284 - ERROR - ❌ Erle ao extrair CPIAUCSL: 1 validation error for FredData
ordered_by
  Field required [type=missing, input_value={'realtime_start': '2026-...', 'value': '330.293'}]}, input_type=dict]
    For further information visit https://errors.pydantic.dev/2.13/v/missing
2026-05-11 23:33:25,285 - INFO - Iniciando extração da série: UNRATE (Civilian Unemployment Rate)
2026-05-11 23:33:25,877 - ERROR - ❌ Erle ao extrair UNRATE: 1 validation error for FredData
ordered_by
  Field required [type=missing, input_value={'realtime_start': '2026-...4-01', 'value': '4.3'}]}, input_type=dict]
    For further information visit https://errors.pydantic.dev/2.13/v/missing
2026-05-11 23:34:15,157 - INFO - Iniciando extração da série: GNPCA (Real Gross National Product)
2026-05-11 23:34:15,536 - INFO - ✅ Sucesso: 97 observações guardadas em data/raw/fred_gnpca_20260511.json
2026-05-11 23:34:15,537 - INFO - Iniciando extração da série: CPIAUCSL (Consumer Price Index for All Urban Consumers)
2026-05-11 23:34:16,359 - INFO - ✅ Sucesso: 951 observações guardadas em data/raw/fred_cpiaucsl_20260511.json
2026-05-11 23:34:16,360 - INFO - Iniciando extração da série: UNRATE (Civilian Unemployment Rate)
2026-05-11 23:34:17,489 - INFO - ✅ Sucesso: 940 observações guardadas em data/raw/fred_unrate_20260511.json
2026-05-11 23:37:05,665 - INFO - Iniciando extração de notícias: 'inflation economy' (Inflation Sentiment)
2026-05-11 23:37:06,447 - INFO - ✅ Sucesso: 48 notícias guardadas em data/raw/news_inflation_sentiment_20260511.json
2026-05-11 23:37:06,448 - INFO - Iniciando extração de notícias: 'stock market trend' (Market Trends)
2026-05-11 23:37:07,185 - INFO - ✅ Sucesso: 50 notícias guardadas em data/raw/news_market_trends_20260511.json
2026-05-11 23:37:07,185 - INFO - Iniciando extração de notícias: 'federal reserve' (FED Policy)
2026-05-11 23:37:07,574 - INFO - ✅ Sucesso: 50 notícias guardadas em data/raw/news_fed_policy_20260511.json
2026-05-11 23:38:53,323 - INFO - Iniciando extração da série (CSV): GNPCA (Real Gross National Product)
2026-05-11 23:38:53,661 - INFO - ✅ Sucesso: 97 observações guardadas em data/raw/fred_gnpca_20260511.csv
2026-05-11 23:38:53,662 - INFO - Iniciando extração da série (CSV): CPIAUCSL (Consumer Price Index for All Urban Consumers)
2026-05-11 23:38:53,974 - INFO - ✅ Sucesso: 951 observações guardadas em data/raw/fred_cpiaucsl_20260511.csv
2026-05-11 23:38:53,975 - INFO - Iniciando extração da série (CSV): UNRATE (Civilian Unemployment Rate)
2026-05-11 23:38:54,588 - INFO - ✅ Sucesso: 940 observações guardadas em data/raw/fred_unrate_20260511.csv
2026-05-11 23:38:55,003 - INFO - Iniciando extração de notícias (CSV): 'inflation economy' (Inflation Sentiment)
2026-05-11 23:38:55,418 - INFO - ✅ Sucesso: 48 notícias guardadas em data/raw/news_inflation_sentiment_20260511.csv
2026-05-11 23:38:55,419 - INFO - Iniciando extração de notícias (CSV): 'stock market trend' (Market Trends)
2026-05-11 23:38:56,122 - INFO - ✅ Sucesso: 50 notícias guardadas em data/raw/news_market_trends_20260511.csv
2026-05-11 23:38:56,122 - INFO - Iniciando extração de notícias (CSV): 'federal reserve' (FED Policy)
2026-05-11 23:38:56,631 - INFO - ✅ Sucesso: 50 notícias guardadas em data/raw/news_fed_policy_20260511.csv
2026-05-11 23:42:22,037 - INFO - Iniciando extração de grande volume (Tiingo): SPY
2026-05-11 23:42:23,924 - INFO - ✅ Sucesso: 687 registos guardados em data/raw/tiingo_spy_historical_20260511.csv
2026-05-11 23:42:23,925 - INFO - Iniciando extração de grande volume (Tiingo): BTCUSD
2026-05-11 23:42:25,440 - ERROR - ❌ Erro ao extrair dados de BTCUSD: 1 validation error for TiingoPrice
volume
  Input should be a valid integer, got a number with a fractional part [type=int_from_float, input_value=11581.1577229, input_type=float]
    For further information visit https://errors.pydantic.dev/2.13/v/int_from_float
2026-05-11 23:42:34,669 - INFO - Iniciando extração de grande volume (Tiingo): SPY
2026-05-11 23:42:35,619 - INFO - ✅ Sucesso: 687 registos guardados em data/raw/tiingo_spy_historical_20260511.csv
2026-05-11 23:42:35,619 - INFO - Iniciando extração de grande volume (Tiingo): BTCUSD
2026-05-11 23:42:37,050 - ERROR - ❌ Erro ao extrair dados de BTCUSD: 1 validation error for TiingoPrice
volume
  Input should be a valid integer, got a number with a fractional part [type=int_from_float, input_value=11581.1577229, input_type=float]
    For further information visit https://errors.pydantic.dev/2.13/v/int_from_float
2026-05-11 23:42:51,547 - INFO - Iniciando extração de grande volume (Tiingo): SPY
2026-05-11 23:42:53,340 - INFO - ✅ Sucesso: 687 registos guardados em data/raw/tiingo_spy_historical_20260511.csv
2026-05-11 23:42:53,341 - INFO - Iniciando extração de grande volume (Tiingo): BTCUSD
2026-05-11 23:42:54,630 - INFO - ✅ Sucesso: 999 registos guardados em data/raw/tiingo_btcusd_historical_20260511.csv
2026-05-12 00:02:29,468 - INFO - A iniciar extração de Retalho: RSCCAS (Vendas a Retalho: Vestuário e Acessórios)
2026-05-12 00:02:30,930 - INFO - ✅ Sucesso: 411 registos guardados em src/1_extracao/data/fred_rsccas_20260512.csv
2026-05-12 00:02:30,931 - INFO - A iniciar extração de Retalho: CPIAPP (Índice de Preços ao Consumidor: Vestuário)
2026-05-12 00:02:31,828 - ERROR - ❌ Erro ao extrair CPIAPP: 400 Client Error: Bad Request for url: https://api.stlouisfed.org/fred/series/observations?series_id=CPIAPP&api_key=c0ae15e7408b41ab17fd3f9ad228a8bb&file_type=json
2026-05-12 00:02:32,209 - INFO - A recolher notícias de Moda: 'fashion retail trends'
2026-05-12 00:02:33,371 - INFO - ✅ Sucesso: 49 notícias de moda guardadas.
2026-05-12 00:02:33,372 - INFO - A recolher notícias de Moda: 'luxury apparel market'
2026-05-12 00:02:33,980 - INFO - ✅ Sucesso: 49 notícias de moda guardadas.
2026-05-12 00:02:33,981 - INFO - A recolher notícias de Moda: 'fast fashion sustainability'
2026-05-12 00:02:35,515 - INFO - ✅ Sucesso: 48 notícias de moda guardadas.
2026-05-12 00:02:35,965 - INFO - A extrair dados de mercado para marca: NKE
2026-05-12 00:02:37,008 - INFO - ✅ Sucesso: 341 registos de NKE guardados.
2026-05-12 00:02:37,009 - INFO - A extrair dados de mercado para marca: IDEXY
2026-05-12 00:02:37,810 - INFO - ✅ Sucesso: 341 registos de IDEXY guardados.
2026-05-12 00:02:37,811 - INFO - A extrair dados de mercado para marca: LVMUY
2026-05-12 00:02:40,173 - INFO - ✅ Sucesso: 341 registos de LVMUY guardados.
2026-05-12 00:03:07,595 - INFO - A iniciar extração de Retalho: RSCCAS (Vendas a Retalho: Vestuário e Acessórios)
2026-05-12 00:03:08,305 - INFO - ✅ Sucesso: 411 registos guardados em src/1_extracao/data/fred_rsccas_20260512.csv
2026-05-12 00:03:08,306 - INFO - A iniciar extração de Retalho: CPIAPPSL (Índice de Preços ao Consumidor: Vestuário (Ajustado))
2026-05-12 00:03:09,092 - INFO - ✅ Sucesso: 951 registos guardados em src/1_extracao/data/fred_cpiappsl_20260512.csv
2026-05-15 15:05:25,523 - INFO - A iniciar extração de Retalho: RSCCAS (Vendas a Retalho: Vestuário e Acessórios)
2026-05-15 15:05:28,028 - INFO - Sucesso: 412 registos guardados em src/1_extracao/data/fred_rsccas_20260515.csv
2026-05-15 15:05:28,029 - INFO - A iniciar extração de Retalho: CPIAPPSL (Índice de Preços ao Consumidor: Vestuário (Ajustado))
2026-05-15 15:05:30,896 - INFO - Sucesso: 952 registos guardados em src/1_extracao/data/fred_cpiappsl_20260515.csv
2026-05-15 15:05:31,318 - INFO - A extrair dados de mercado para marca: NKE
2026-05-15 15:05:32,439 - INFO -  Sucesso: 343 registos de NKE guardados.
2026-05-15 15:05:32,440 - INFO - A extrair dados de mercado para marca: IDEXY
2026-05-15 15:05:33,455 - INFO -  Sucesso: 343 registos de IDEXY guardados.
2026-05-15 15:05:33,455 - INFO - A extrair dados de mercado para marca: LVMUY
2026-05-15 15:05:34,690 - INFO -  Sucesso: 343 registos de LVMUY guardados.
2026-05-15 15:05:35,095 - INFO - A recolher notícias de Moda: fashion retail trends
2026-05-15 15:05:35,504 - INFO - Sucesso: 50 notícias de moda guardadas.
2026-05-15 15:05:35,505 - INFO - A recolher notícias de Moda: luxury apparel market
2026-05-15 15:05:35,913 - INFO - Sucesso: 49 notícias de moda guardadas.
2026-05-15 15:05:35,914 - INFO - A recolher notícias de Moda: fast fashion sustainability
2026-05-15 15:05:36,321 - INFO - Sucesso: 48 notícias de moda guardadas.
2026-05-15 15:07:32,823 - INFO - A iniciar extração de Retalho: RSCCAS (Vendas a Retalho: Vestuário e Acessórios)
2026-05-15 15:07:33,164 - INFO - Sucesso: 412 registos guardados em src/1_extracao/data/fred_rsccas_2026-05-15.csv
2026-05-15 15:07:33,165 - INFO - A iniciar extração de Retalho: CPIAPPSL (Índice de Preços ao Consumidor: Vestuário (Ajustado))
2026-05-15 15:07:33,573 - INFO - Sucesso: 952 registos guardados em src/1_extracao/data/fred_cpiappsl_2026-05-15.csv
2026-05-15 15:07:33,937 - INFO - A extrair dados de mercado para marca: NKE
2026-05-15 15:07:34,935 - INFO -  Sucesso: 343 registos de NKE guardados.
2026-05-15 15:07:34,936 - INFO - A extrair dados de mercado para marca: IDEXY
2026-05-15 15:07:35,843 - INFO -  Sucesso: 343 registos de IDEXY guardados.
2026-05-15 15:07:35,844 - INFO - A extrair dados de mercado para marca: LVMUY
2026-05-15 15:07:36,966 - INFO -  Sucesso: 343 registos de LVMUY guardados.
2026-05-15 15:07:37,353 - INFO - A recolher notícias de Moda: fashion retail trends
2026-05-15 15:07:37,670 - INFO - Sucesso: 50 notícias de moda guardadas.
2026-05-15 15:07:37,671 - INFO - A recolher notícias de Moda: luxury apparel market
2026-05-15 15:07:37,917 - INFO - Sucesso: 49 notícias de moda guardadas.
2026-05-15 15:07:37,917 - INFO - A recolher notícias de Moda: fast fashion sustainability
2026-05-15 15:07:38,120 - INFO - Sucesso: 48 notícias de moda guardadas.
2026-05-15 15:09:20,823 - INFO - A iniciar extração de Retalho: RSCCAS (Vendas a Retalho: Vestuário e Acessórios)
2026-05-15 15:09:21,197 - INFO - Sucesso: 412 registos guardados em src/1_extracao/data/fred_rsccas_15-05-2026.csv
2026-05-15 15:09:21,198 - INFO - A iniciar extração de Retalho: CPIAPPSL (Índice de Preços ao Consumidor: Vestuário (Ajustado))
2026-05-15 15:09:21,504 - INFO - Sucesso: 952 registos guardados em src/1_extracao/data/fred_cpiappsl_15-05-2026.csv
2026-05-15 15:09:21,887 - INFO - A extrair dados de mercado para marca: NKE
2026-05-15 15:09:22,839 - INFO -  Sucesso: 343 registos de NKE guardados.
2026-05-15 15:09:22,840 - INFO - A extrair dados de mercado para marca: IDEXY
2026-05-15 15:09:23,574 - INFO -  Sucesso: 343 registos de IDEXY guardados.
2026-05-15 15:09:23,574 - INFO - A extrair dados de mercado para marca: LVMUY
2026-05-15 15:09:24,921 - INFO -  Sucesso: 343 registos de LVMUY guardados.
2026-05-15 15:09:25,351 - INFO - A recolher notícias de Moda: fashion retail trends
2026-05-15 15:09:25,594 - INFO - Sucesso: 50 notícias de moda guardadas.
2026-05-15 15:09:25,594 - INFO - A recolher notícias de Moda: luxury apparel market
2026-05-15 15:09:25,906 - INFO - Sucesso: 49 notícias de moda guardadas.
2026-05-15 15:09:25,907 - INFO - A recolher notícias de Moda: fast fashion sustainability
2026-05-15 15:09:26,216 - INFO - Sucesso: 48 notícias de moda guardadas.
